<html>
<body>
<pre>
<h1>礦ision Build Log</h1>
<h2>Tool Versions:</h2>
IDE-Version: μVision V5.15
Copyright (C) 2015 ARM Ltd and ARM Germany GmbH. All rights reserved.
License Information:  ,  , LIC=3UUGK-Z4YMV-GN9A5-G8XYL-CULXN-J84AW
 
Tool Versions:
Toolchain:       MDK-ARM Professional  Version: 5.15.0
Toolchain Path:  D:\B\MDK_destination_folders\ARM\ARMCC\Bin
C Compiler:      Armcc.exe V5.05 update 2 (build 169)
Assembler:       Armasm.exe V5.05 update 2 (build 169)
Linker/Locator:  ArmLink.exe V5.05 update 2 (build 169)
Library Manager: ArmAr.exe V5.05 update 2 (build 169)
Hex Converter:   FromElf.exe V5.05 update 2 (build 169)
CPU DLL:         SARMCM3.DLL V5.15.0
Dialog DLL:      DCM.DLL V1.13.2.0
Target DLL:      CMSIS_AGDI.dll V1.21.12.0
Dialog DLL:      TCM.DLL V1.14.5.0
 
<h2>Project:</h2>
D:\A\文档\文档\G 单片机\STM32\资料\3-程序源码\2.扩展模块\蓝牙HC-05\2.开发板配套例程\F103指南者版本\2.HC05测试程序(不带液晶)\Project\RVMDK（uv5）\BH-F103.uvprojx
Project File Date:  02/04/2017

<h2>Output:</h2>
*** Using Compiler 'V5.05 update 2 (build 169)', folder: 'D:\B\MDK_destination_folders\ARM\ARMCC\Bin'
Build target 'HC05'
compiling bsp_hc05.c...
linking...
Program Size: Code=9680 RO-data=552 RW-data=60 ZI-data=7724  
FromELF: creating hex file...
"..\..\Output\HC05.axf" - 0 Error(s), 0 Warning(s).

<h2>Collection of Component include folders:</h2>
  D:\A\文档\文档\G 单片机\STM32\资料\3-程序源码\2.扩展模块\蓝牙HC-05\2.开发板配套例程\F103指南者版本\2.HC05测试程序(不带液晶)\Project\RVMDK（uv5）\RTE
  D:\B\MDK_destination_folders\ARM\PACK\Keil\STM32F1xx_DFP\1.1.0\Device\Include

<h2>Collection of Component Files used:</h2>
</pre>
</body>
</html>
